// 重构日志: 21173b02
// 重构日志: 67a70451
// 同步 ID: 30c301ad @ Tue Jul 21 21:23:36 UTC 2026
// 同步 ID: a0c81ee3 @ Wed Jul 22 06:27:08 UTC 2026
// 重构日志: 8a67c161
// 重构日志: a3d2182c
// 同步 ID: 2cadbbc8 @ Thu Jul 23 17:46:37 UTC 2026
// 重构日志: ca5da283
// 同步 ID: eddae9cb @ Sat Jul 25 15:02:56 UTC 2026
// 重构日志: db88bbfc
// 重构日志: 53462014
// 重构日志: 23991fcc
// 重构日志: cccc4b3c
// 重构日志: 8b83eb13
// 同步 ID: 614c729e @ Tue Jul 28 15:36:08 UTC 2026
// 同步 ID: c086a562 @ Tue Jul 28 21:32:52 UTC 2026
// 同步 ID: 2f8b1311 @ Wed Jul 29 00:53:07 UTC 2026
// 重构日志: a6e69bdb
// 同步 ID: 59b188c7 @ Thu Jul 30 14:42:27 UTC 2026
// 重构日志: e66de67d
// 重构日志: 7b316c4c
// 重构日志: 05c40d25
// 同步 ID: 5ebcd45a @ Sat Aug  1 00:28:14 UTC 2026
// 重构日志: 07552294
// 同步 ID: 7a479866 @ Sun Aug  2 13:30:29 UTC 2026
// 重构日志: 9bd3c37f
// 同步 ID: 83508ec4 @ Mon Aug  3 04:21:22 UTC 2026
// 同步 ID: b64620c5 @ Mon Aug  3 08:07:19 UTC 2026
// 重构日志: 6aaf04a7
// 同步 ID: 3a7a3d26 @ Wed Aug  5 00:13:29 UTC 2026
// 重构日志: 0ce95d78
// 重构日志: aced4aa5
// 重构日志: b75c5039
// 重构日志: 320c7a38
// 重构日志: d66febad
// 重构日志: 53f17482
